read values.yaml
new algorithm: probing alive cronjobs & DB sizes (OLD_ALGORITHM=1 for legacy mode, NO_DB_SIZES=1 for even weights)
weights: SPLIT_ALGO=geom, weight = size^0.5
sync happens from HH:04, every 6 hours; affs spread over 7 days
test: 4 alive projects (0 daily), algo geom, sync space 336 minutes (every 6h), daily space 1232 minutes (import at 10 1 * * *, dailies from 2:04), affs space 9408 minutes (7 days):
test: affs anchored to own sync: regular projects mid-gap (sync slot +180m), daily projects sync +8h (NO_AFFS_ANCHOR=1 for legacy independent placement)
test: keeping current schedules: kept 4 sync, 0 daily, 0 affs; placed 0 sync, 0 daily, 4 affs (RESPLIT_ALL=1 recomputes all, PLACE=proj1,proj2 forces projects)
  cncf                     db=cncf             size=     3.07Gb weight=  57445.6 share= 53.5% sync='4 0,6,12,18 * * *' gap=193m affs='4 3 * * 0' gap=87.4h [placed: sync kept, affs '4 0 1 * *' invalid for this mode]
  envoy                    db=envoy            size=     2.33Gb weight=  50000.0 share= 46.5% sync='29 3,9,15,21 * * *' gap=8m affs='29 18 * * 3' gap=54.1h [placed: sync kept, affs '0 18 19 * *' invalid for this mode]
  tikv                     db=tikv             size=     0.00Gb weight=     11.1 share=  0.0% sync='46 3,9,15,21 * * *' gap=126m affs='46 0 * * 6' gap=26.3h [placed: sync kept, affs '0 2 24 * *' invalid for this mode]
  nats                     db=nats             size=     0.00Gb weight=     11.1 share=  0.0% sync='37 3,9,15,21 * * *' gap=9m affs='37 0 * * 6' gap=0.1h [placed: sync kept, affs '0 6 22 * *' invalid for this mode]
prod: 12 alive projects (6 daily), algo geom, sync space 336 minutes (every 6h), daily space 1176 minutes (import at 10 2 * * *, dailies from 3:04), affs space 9408 minutes (7 days):
prod: affs anchored to own sync: regular projects mid-gap (sync slot +180m), daily projects sync +8h (NO_AFFS_ANCHOR=1 for legacy independent placement)
prod: keeping current schedules: kept 1 sync, 3 daily, 6 affs; placed 5 sync, 3 daily, 6 affs (RESPLIT_ALL=1 recomputes all, PLACE=proj1,proj2 forces projects)
  kubernetes               db=gha              size=   860.04Gb weight= 960966.6 share= 28.8% sync='4 3 * * *' DAILY gap=6.0h ranges='26 hours' affs='4 11 * * 0' gap=42.9h [placed: sync kept, affs '4 11 1 * *' invalid for this mode]
  prometheus               db=prometheus       size=    13.97Gb weight= 122474.5 share=  3.7% sync='4 0,6,12,18 * * *' gap=111m affs='4 3 * * 4' gap=11.7h [placed: sync kept, affs '4 21 1 * *' invalid for this mode]
  all                      db=allprj           size=  1851.15Gb weight=1409841.9 share= 42.3% sync='58 9 * * *' DAILY gap=9.2h ranges='26 hours' affs='58 17 * * 5' gap=41.1h [placed: sync kept, affs '58 17 7 * *' invalid for this mode]
  istio                    db=istio            size=    20.49Gb weight= 148324.0 share=  4.5% sync='50 20 * * *' DAILY gap=1.1h ranges='26 hours' affs='50 4 * * 5' gap=10.7h [placed: sync '12 0,6,12,18 * * *' invalid for this mode, affs '4 23 1 * *' invalid for this mode]
  jenkins                  db=jenkins          size=     6.52Gb weight=  83666.0 share=  2.5% sync='26 9 * * *' DAILY gap=0.5h ranges='26 hours' affs='30 22 * * 3' gap=4.6h [placed: sync '18 * * * *' invalid for this mode, affs kept]
  allcdf                   db=allcdf           size=    55.88Gb weight= 244949.0 share=  7.4% sync='58 21 * * *' DAILY gap=1.9h ranges='26 hours' affs='58 5 * * 2' gap=0.8h [placed: sync kept, affs '58 5 7 * *' invalid for this mode]
  envoy                    db=envoy            size=     3.26Gb weight=  59160.8 share=  1.8% sync='30 2,8,14,20 * * *' gap=66m affs='45 6 * * 2' gap=27.5h [placed: sync '27 * * * *' invalid for this mode, affs kept]
  helm                     db=helm             size=     2.70Gb weight=  53851.6 share=  1.6% sync='6 5,11,17,23 * * *' gap=54m affs='15 10 * * 3' gap=12.2h [placed: sync '31 * * * *' invalid for this mode, affs kept]
  tikv                     db=tikv             size=     5.68Gb weight=  78102.5 share=  2.3% sync='41 3,9,15,21 * * *' gap=77m affs='0 22 * * 4' gap=6.8h [placed: sync '44 * * * *' invalid for this mode, affs kept]
  spiffe                   db=spiffe           size=     0.82Gb weight=  29627.3 share=  0.9% sync='59 1,7,13,19 * * *' gap=27m affs='59 16 * * 4' gap=5.0h [placed: sync new, affs new]
  opentelemetry            db=opentelemetry    size=    18.63Gb weight= 141421.4 share=  4.2% sync='50 19 * * *' DAILY gap=0.9h ranges='26 hours' affs='30 15 * * 5' gap=2.5h [placed: sync '48 * * * *' invalid for this mode, affs kept]
  nats                     db=nats             size=     0.00Gb weight=      1.4 share=  0.0% sync='40 3,9,15,21 * * *' gap=1m affs='45 14 * * 4' gap=2.2h [placed: sync '35 * * * *' invalid for this mode, affs kept]
patched 56/56 cronjobs
written new-values.yaml
